<html>
<body>
<pre>
<h1>µVision Build Log</h1>
<h2>Tool Versions:</h2>
IDE-Version: µVision V5.24.2.0
Copyright (C) 2017 ARM Ltd and ARM Germany GmbH. All rights reserved.
License Information: SCSE Hardware 1, NTU, LIC=----
 
Tool Versions:
Toolchain:       MDK-Lite  Version: 5.24.1
Toolchain Path:  C:\Keil_v5\ARM\ARMCC\Bin
C Compiler:      Armcc.exe V5.06 update 5 (build 528)
Assembler:       Armasm.exe V5.06 update 5 (build 528)
Linker/Locator:  ArmLink.exe V5.06 update 5 (build 528)
Library Manager: ArmAr.exe V5.06 update 5 (build 528)
Hex Converter:   FromElf.exe V5.06 update 5 (build 528)
CPU DLL:         SARMCM3.DLL V5.24.1
Dialog DLL:      DCM.DLL V1.16.0.0
Target DLL:      STLink\ST-LINKIII-KEIL_SWO.dll V3.0.1.0
Dialog DLL:      TCM.DLL V1.32.0.0
 
<h2>Project:</h2>
G:\CE3013\CE3103_Lab2\CE3013_Lab1.uvproj
Project File Date:  09/12/2023

<h2>Output:</h2>
*** Using Compiler 'V5.06 update 5 (build 528)', folder: 'C:\Keil_v5\ARM\ARMCC\Bin'
Rebuild target 'HelloWorld'
assembling startup_stm32f40_41xxx.s...
compiling stm32f4xx_i2c.c...
compiling misc.c...
compiling stm32f4xx_syscfg.c...
compiling stm32f4xx_it.c...
compiling stm32f4xx_gpio.c...
compiling stm32f4xx_pwr.c...
compiling system_stm32f4xx.c...
compiling stm32f4xx_rcc.c...
compiling stm32f4xx_tim.c...
compiling stm32f4xx_usart.c...
compiling buzzer.c...
buzzer.c(27): warning:  #1-D: last line of file ends without a newline
  }
buzzer.c: 1 warning, 0 errors
compiling uart.c...
uart.h(14): warning:  #1-D: last line of file ends without a newline
  #endif
uart.c(66): warning:  #223-D: function "OLED_ShowString" declared implicitly
  		OLED_ShowString(0, 0, s);
uart.c(74): warning:  #223-D: function "OLED_Refresh_Gram" declared implicitly
  		OLED_Refresh_Gram();
uart.c(90): warning:  #1-D: last line of file ends without a newline
  } 
uart.c: 4 warnings, 0 errors
compiling main.c...
button.h(18): warning:  #1-D: last line of file ends without a newline
  #endif
uart.h(14): warning:  #1-D: last line of file ends without a newline
  #endif
main.c(75): warning:  #1-D: last line of file ends without a newline
  }
main.c: 3 warnings, 0 errors
compiling playsong.c...
playsong.h(12): warning:  #1-D: last line of file ends without a newline
  #endif
playsong.c(87): warning:  #1-D: last line of file ends without a newline
  }
playsong.c: 2 warnings, 0 errors
compiling button.c...
button.h(18): warning:  #1-D: last line of file ends without a newline
  #endif
playsong.h(12): warning:  #1-D: last line of file ends without a newline
  #endif
button.c(45): warning:  #1-D: last line of file ends without a newline
  }  
button.c: 3 warnings, 0 errors
compiling delay.c...
compiling sys.c...
compiling system.c...
compiling list.c...
compiling croutine.c...
compiling event_groups.c...
compiling led.c...
LibraryFiles\Hardware\led.c(26): warning:  #167-D: argument of type "void (*)(void *)" is incompatible with parameter of type "TimerCallbackFunction_t"
  		led_task							// callback
LibraryFiles\Hardware\led.c(44): warning:  #1-D: last line of file ends without a newline
  }
LibraryFiles\Hardware\led.c: 2 warnings, 0 errors
compiling show.c...
LibraryFiles\Hardware\show.c(19): warning:  #167-D: argument of type "uint8_t *" is incompatible with parameter of type "char *restrict"
    sprintf(bufferA,"%d",seconds);
LibraryFiles\Hardware\show.c(20): warning:  #167-D: argument of type "uint8_t *" is incompatible with parameter of type "char *restrict"
   sprintf(bufferB,"%d",mins);  OLED_ShowString(20,40,bufferA);
LibraryFiles\Hardware\show.c(24): warning:  #1-D: last line of file ends without a newline
   }
LibraryFiles\Hardware\show.c: 3 warnings, 0 errors
compiling oled.c...
compiling heap_4.c...
compiling port.c...
compiling timers.c...
compiling queue.c...
compiling tasks.c...
linking...
Program Size: Code=10712 RO-data=3212 RW-data=244 ZI-data=24012  
FromELF: creating hex file...
".\Objects\CE3013_Lab1.axf" - 0 Error(s), 18 Warning(s).
Build Time Elapsed:  00:00:07
</pre>
</body>
</html>
